// Jest Snapshot v1, https://goo.gl/fbAQLP

exports[`Header component matches snapshot DOM node structure 1`] = `
<DocumentFragment>
  <div
    class="col"
    data-testid="navigation-bar"
    id="navigation-bar"
  >
    <nav
      class="navbar navbar-expand-lg navbar-light"
    >
      <span
        class="navbar-brand"
        eventkey="about"
      >
        Dan Seskey
      </span>
      <button
        aria-controls="basic-navbar-nav"
        aria-label="Toggle navigation"
        class="navbar-toggler collapsed"
        type="button"
      >
        <span
          class="navbar-toggler-icon"
        />
      </button>
      <div
        class="navbar-collapse collapse"
        id="basic-navbar-nav"
      >
        <div
          class="mr-auto navbar-nav"
        >
          <a
            class="nav-link"
            data-rb-event-key="about"
            href="#"
            role="button"
          >
            <span
              class="activeSection"
            >
              About Me
            </span>
          </a>
          <a
            class="nav-link"
            data-rb-event-key="portfolio"
            href="#"
            role="button"
          >
            <span
              class="inactiveSection"
              data-testid="portfolio-nav-item"
            >
              Portfolio
            </span>
          </a>
          <a
            class="nav-link"
            data-rb-event-key="contact"
            href="#"
            role="button"
          >
            <span
              class="inactiveSection"
            >
              Contact
            </span>
          </a>
          <a
            class="nav-link"
            data-rb-event-key="resume"
            href="#"
            role="button"
          >
            <span
              class="inactiveSection"
            >
              Resume
            </span>
          </a>
        </div>
      </div>
    </nav>
  </div>
</DocumentFragment>
`;
